../Core/Src/main.c:75:6:HAL_GPIO_EXTI_Callback	16	static
../Core/Src/main.c:83:6:blink_led	24	static
../Core/Src/main.c:91:6:wait_user	8	static
../Core/Src/main.c:102:6:HAL_ADC_ConvCpltCallback	16	static
../Core/Src/main.c:110:10:clip	16	static
../Core/Src/main.c:118:6:PWM_setCombinedValue	24	static
../Core/Src/main.c:155:5:main	176	static
../Core/Src/main.c:290:6:SystemClock_Config	88	static
../Core/Src/main.c:337:13:MX_ADC1_Init	24	static
../Core/Src/main.c:389:13:MX_TIM2_Init	48	static
../Core/Src/main.c:442:13:MX_TIM3_Init	56	static
../Core/Src/main.c:491:13:MX_TIM4_Init	56	static
../Core/Src/main.c:540:13:MX_USART2_UART_Init	8	static
../Core/Src/main.c:571:13:MX_DMA_Init	16	static
../Core/Src/main.c:589:13:MX_GPIO_Init	48	static
../Core/Src/main.c:633:6:Error_Handler	4	static,ignoring_inline_asm
