12:33:21 **** Incremental Build of configuration Debug for project bancada_tcc_controle ****
make -j16 all 
arm-none-eabi-gcc "../Core/Src/main.c" -mcpu=cortex-m4 -std=gnu11 -g3 -DDEBUG -DUSE_HAL_DRIVER -DSTM32F401xE -c -I../Core/Inc -I../Drivers/STM32F4xx_HAL_Driver/Inc -I../Drivers/STM32F4xx_HAL_Driver/Inc/Legacy -I../Drivers/CMSIS/Device/ST/STM32F4xx/Include -I../Drivers/CMSIS/Include -O0 -ffunction-sections -fdata-sections -Wall -fstack-usage -fcyclomatic-complexity -MMD -MP -MF"Core/Src/main.d" -MT"Core/Src/main.o" --specs=nano.specs -mfpu=fpv4-sp-d16 -mfloat-abi=hard -mthumb -o "Core/Src/main.o"
../Core/Src/main.c: In function 'main':
../Core/Src/main.c:212:12: warning: unused variable 'counter' [-Wunused-variable]
  212 |   uint32_t counter = 0;
      |            ^~~~~~~
../Core/Src/main.c:209:71: warning: variable 'rpm' set but not used [-Wunused-but-set-variable]
  209 |   float angle, err, control, dErr = 0, Ierr=0, prevErr=0, prevEnc4=0, rpm=0;
      |                                                                       ^~~
arm-none-eabi-gcc -o "bancada_tcc_controle.elf" @"objects.list"   -mcpu=cortex-m4 -T"/home/villela/Desktop/Villela/TCC/educational_bench_for_angular_aero_control_of_multirotors/bancada_tcc_controle/STM32F401RETX_FLASH.ld" --specs=nosys.specs -Wl,-Map="bancada_tcc_controle.map" -Wl,--gc-sections -static --specs=nano.specs -mfpu=fpv4-sp-d16 -mfloat-abi=hard -mthumb -Wl,--start-group -lc -lm -Wl,--end-group
Finished building target: bancada_tcc_controle.elf
 
arm-none-eabi-size  bancada_tcc_controle.elf 
arm-none-eabi-objdump -h -S bancada_tcc_controle.elf  > "bancada_tcc_controle.list"
   text	   data	    bss	    dec	    hex	filename
  23572	     92	   2364	  26028	   65ac	bancada_tcc_controle.elf
Finished building: default.size.stdout
 
Finished building: bancada_tcc_controle.list
 

12:33:22 Build Finished. 0 errors, 2 warnings. (took 228ms)

